clock CLK posedge
  run "" domain 0 segment 157
  run "" domain 0 segment 57
  run "" domain 0 segment 59
  run "" domain 0 segment 61
  run "" domain 0 segment 65
  run "" domain 0 segment 63
  run "" domain 0 segment 67
  run "" domain 0 segment 69
  run "" domain 0 segment 71
  run "" domain 0 segment 73
  run "" domain 0 segment 75
  run "" domain 0 segment 77
  run "" domain 0 segment 81
  run "" domain 0 segment 79
  run "" domain 0 segment 83
  run "" domain 0 segment 85
  run "" domain 0 segment 89
  run "" domain 0 segment 87
  run "" domain 0 segment 91
  run "" domain 0 segment 93
  run "" domain 0 segment 97
  run "" domain 0 segment 95
  run "" domain 0 segment 99
  run "" domain 0 segment 101
  run "" domain 0 segment 103
  run "" domain 0 segment 105
  run "" domain 0 segment 107
  run "" domain 0 segment 109
  run "" domain 0 segment 113
  run "" domain 0 segment 111
  run "" domain 0 segment 115
  run "" domain 0 segment 117
  run "" domain 0 segment 119
  run "" domain 0 segment 121
  run "" domain 0 segment 123
  run "" domain 0 segment 127
  run "" domain 0 segment 125
  run "" domain 0 segment 129
  run "" domain 0 segment 131
  run "" domain 0 segment 133
  run "" domain 0 segment 135
  run "" domain 0 segment 137
  run "" domain 0 segment 139
  run "" domain 0 segment 143
  run "" domain 0 segment 141
  run "" domain 0 segment 145
  run "" domain 0 segment 149
  run "" domain 0 segment 147
  run "" domain 0 segment 151
  run "" domain 0 segment 153
  run "" domain 0 segment 50
  run "" domain 0 segment 155
  run "" domain 0 segment 159
  run "" domain 0 segment 224
  run "" domain 0 segment 222
  run "" domain 0 segment 232
  run "" domain 0 segment 228
  run "" domain 0 segment 230
  run "" domain 0 segment 226
  run "" domain 0 segment 234
  run "" domain 0 segment 213
  run "" domain 0 segment 54
  run "" domain 0 segment 236
  run "" domain 0 segment 240
  run "" domain 0 segment 242
  run "" domain 0 segment 0
  run "" domain 0 segment 1
  run "" domain 0 segment 4
  run "" domain 0 segment 2
  run "" domain 0 segment 3
  run "" domain 0 segment 6
  run "" domain 0 segment 5
  run "" domain 0 segment 7
  run "" domain 0 segment 8
  run "" domain 0 segment 9
  run "" domain 0 segment 10
  run "" domain 0 segment 11
  run "" domain 0 segment 12
  run "" domain 0 segment 13
  run "" domain 0 segment 14
  run "" domain 0 segment 15
  run "" domain 0 segment 16
  run "" domain 0 segment 17
  run "" domain 0 segment 18
  run "" domain 0 segment 19
  run "" domain 0 segment 20
  run "" domain 0 segment 22
  run "" domain 0 segment 21
  run "" domain 0 segment 23
  run "" domain 0 segment 24
  run "" domain 0 segment 25
  run "" domain 0 segment 26
  run "" domain 0 segment 27
  run "" domain 0 segment 28
  run "" domain 0 segment 29
  run "" domain 0 segment 30
  run "" domain 0 segment 31
  run "" domain 0 segment 32
  run "" domain 0 segment 33
  run "" domain 0 segment 34
  run "" domain 0 segment 35
  run "" domain 0 segment 37
  run "" domain 0 segment 36
  run "" domain 0 segment 38
  run "" domain 0 segment 39
  run "" domain 0 segment 40
  run "" domain 0 segment 41
  run "" domain 0 segment 42
  run "" domain 0 segment 43
  run "" domain 0 segment 44
  run "" domain 0 segment 45
  run "" domain 0 segment 46
  run "" domain 0 segment 47
  run "" domain 0 segment 48
  run "" domain 0 segment 49
  run "" domain 0 segment 51
  run "" domain 0 segment 53
  run "" domain 0 segment 52
  run "" domain 0 segment 158
  run "" domain 0 segment 62
  run "" domain 0 segment 58
  run "" domain 0 segment 60
  run "" domain 0 segment 64
  run "" domain 0 segment 66
  run "" domain 0 segment 68
  run "" domain 0 segment 70
  run "" domain 0 segment 72
  run "" domain 0 segment 74
  run "" domain 0 segment 76
  run "" domain 0 segment 78
  run "" domain 0 segment 80
  run "" domain 0 segment 82
  run "" domain 0 segment 84
  run "" domain 0 segment 86
  run "" domain 0 segment 88
  run "" domain 0 segment 90
  run "" domain 0 segment 92
  run "" domain 0 segment 102
  run "" domain 0 segment 94
  run "" domain 0 segment 96
  run "" domain 0 segment 98
  run "" domain 0 segment 100
  run "" domain 0 segment 104
  run "" domain 0 segment 106
  run "" domain 0 segment 108
  run "" domain 0 segment 110
  run "" domain 0 segment 114
  run "" domain 0 segment 112
  run "" domain 0 segment 116
  run "" domain 0 segment 118
  run "" domain 0 segment 120
  run "" domain 0 segment 122
  run "" domain 0 segment 124
  run "" domain 0 segment 126
  run "" domain 0 segment 128
  run "" domain 0 segment 130
  run "" domain 0 segment 132
  run "" domain 0 segment 134
  run "" domain 0 segment 136
  run "" domain 0 segment 138
  run "" domain 0 segment 140
  run "" domain 0 segment 144
  run "" domain 0 segment 142
  run "" domain 0 segment 146
  run "" domain 0 segment 148
  run "" domain 0 segment 150
  run "" domain 0 segment 152
  run "" domain 0 segment 154
  run "" domain 0 segment 156
  run "" domain 0 segment 56
  run "" domain 0 segment 160
  run "" domain 0 segment 225
  run "" domain 0 segment 223
  run "" domain 0 segment 233
  run "" domain 0 segment 229
  run "" domain 0 segment 231
  run "" domain 0 segment 227
  run "" domain 0 segment 235
  run "" domain 0 segment 55
  run "" domain 0 segment 161
  run "" domain 0 segment 162
  run "" domain 0 segment 163
  run "" domain 0 segment 164
  run "" domain 0 segment 165
  run "" domain 0 segment 166
  run "" domain 0 segment 167
  run "" domain 0 segment 168
  run "" domain 0 segment 169
  run "" domain 0 segment 170
  run "" domain 0 segment 171
  run "" domain 0 segment 172
  run "" domain 0 segment 173
  run "" domain 0 segment 174
  run "" domain 0 segment 175
  run "" domain 0 segment 176
  run "" domain 0 segment 177
  run "" domain 0 segment 178
  run "" domain 0 segment 179
  run "" domain 0 segment 180
  run "" domain 0 segment 181
  run "" domain 0 segment 182
  run "" domain 0 segment 183
  run "" domain 0 segment 184
  run "" domain 0 segment 185
  run "" domain 0 segment 186
  run "" domain 0 segment 187
  run "" domain 0 segment 188
  run "" domain 0 segment 189
  run "" domain 0 segment 190
  run "" domain 0 segment 191
  run "" domain 0 segment 192
  run "" domain 0 segment 193
  run "" domain 0 segment 194
  run "" domain 0 segment 195
  run "" domain 0 segment 196
  run "" domain 0 segment 197
  run "" domain 0 segment 198
  run "" domain 0 segment 199
  run "" domain 0 segment 200
  run "" domain 0 segment 201
  run "" domain 0 segment 202
  run "" domain 0 segment 203
  run "" domain 0 segment 204
  run "" domain 0 segment 205
  run "" domain 0 segment 206
  run "" domain 0 segment 207
  run "" domain 0 segment 208
  run "" domain 0 segment 209
  run "" domain 0 segment 210
  run "" domain 0 segment 211
  run "" domain 0 segment 212
  run "" domain 0 segment 214
  run "" domain 0 segment 215
  run "" domain 0 segment 218
  run "" domain 0 segment 220
  run "" domain 0 segment 238
  run "" domain 0 segment 216
  run "" domain 0 segment 221
  run "" domain 0 segment 237
  run "" domain 0 segment 239
  run "" domain 0 segment 217
  run "" domain 0 segment 219
  run "" domain 0 segment 241
  run "" domain 0 segment 243
  tick "" state_fired_1 port clk
  tick "" state_overlap_pw port clk
  tick "" state_set_pw port clk
  tick "" abort port clk
  tick "" start_reg_2 port clk
  tick "" start_wire port clk
  tick "" crc_8_pwComplete port clk
  tick "" crc_8_pwClear port clk
  tick "" crc_8_rwAddIn port clk
  tick "" crc_16_dnp_pwComplete port clk
  tick "" crc_16_dnp_pwClear port clk
  tick "" crc_16_dnp_rwAddIn port clk
  tick "" crc_32_pwComplete port clk
  tick "" crc_32_pwClear port clk
  tick "" crc_32_rwAddIn port clk
  tick "" crc_16_pwComplete port clk
  tick "" crc_16_pwClear port clk
  tick "" crc_16_rwAddIn port clk
  tick "" crc_ccitt_pwComplete port clk
  tick "" crc_ccitt_pwClear port clk
  tick "" crc_ccitt_rwAddIn port clk
  tick "" crc_ccitt_rRemainder port _clk__1 reset
  tick "" crc_16_rRemainder port _clk__1 reset
  tick "" crc_32_rRemainder port _clk__1 reset
  tick "" crc_16_dnp_rRemainder port _clk__1 reset
  tick "" crc_8_rRemainder port _clk__1 reset
  tick "" start_reg port _clk__1 reset
  tick "" start_reg_1 port _clk__1 reset
  tick "" jj_delay_count port _clk__1 reset
  tick "" jj_1_delay_count port _clk__1 reset
  tick "" state_mkFSMstate port _clk__1 reset
  tick "" state_fired port _clk__1 reset
  tick "" state_can_overlap port _clk__1 reset
  tick "" running port _clk__1 reset
  inhibit RL_action_d_init_np_1 -> RL_action_d_init_np
  inhibit RL_action_l15c16 -> RL_action_d_init_np
  inhibit RL_action_l16c16 -> RL_action_d_init_np
  inhibit RL_action_l17c16 -> RL_action_d_init_np
  inhibit RL_action_l18c16 -> RL_action_d_init_np
  inhibit RL_action_l19c16 -> RL_action_d_init_np
  inhibit RL_action_l20c16 -> RL_action_d_init_np
  inhibit RL_action_l21c16 -> RL_action_d_init_np
  inhibit RL_action_l22c16 -> RL_action_d_init_np
  inhibit RL_action_l23c16 -> RL_action_d_init_np
  inhibit RL_action_l24c7 -> RL_action_d_init_np
  inhibit RL_action_l25c13 -> RL_action_d_init_np
  inhibit RL_action_l26c13 -> RL_action_d_init_np
  inhibit RL_action_l27c13 -> RL_action_d_init_np
  inhibit RL_action_l28c13 -> RL_action_d_init_np
  inhibit RL_action_l29c13 -> RL_action_d_init_np
  inhibit RL_action_l30c13 -> RL_action_d_init_np
  inhibit RL_action_l31c13 -> RL_action_d_init_np
  inhibit RL_action_l32c13 -> RL_action_d_init_np
  inhibit RL_action_l33c13 -> RL_action_d_init_np
  inhibit RL_action_l34c7 -> RL_action_d_init_np
  inhibit RL_action_l35c13 -> RL_action_d_init_np
  inhibit RL_action_l36c13 -> RL_action_d_init_np
  inhibit RL_action_l37c13 -> RL_action_d_init_np
  inhibit RL_action_l38c13 -> RL_action_d_init_np
  inhibit RL_action_l39c13 -> RL_action_d_init_np
  inhibit RL_action_l40c13 -> RL_action_d_init_np
  inhibit RL_action_l41c13 -> RL_action_d_init_np
  inhibit RL_action_l42c13 -> RL_action_d_init_np
  inhibit RL_action_l43c13 -> RL_action_d_init_np
  inhibit RL_action_l44c7 -> RL_action_d_init_np
  inhibit RL_action_l45c17 -> RL_action_d_init_np
  inhibit RL_action_l46c17 -> RL_action_d_init_np
  inhibit RL_action_l47c17 -> RL_action_d_init_np
  inhibit RL_action_l48c17 -> RL_action_d_init_np
  inhibit RL_action_l49c17 -> RL_action_d_init_np
  inhibit RL_action_l50c17 -> RL_action_d_init_np
  inhibit RL_action_l51c17 -> RL_action_d_init_np
  inhibit RL_action_l52c17 -> RL_action_d_init_np
  inhibit RL_action_l53c17 -> RL_action_d_init_np
  inhibit RL_action_l54c7 -> RL_action_d_init_np
  inhibit RL_action_l55c12 -> RL_action_d_init_np
  inhibit RL_action_l56c12 -> RL_action_d_init_np
  inhibit RL_action_l57c12 -> RL_action_d_init_np
  inhibit RL_action_l58c12 -> RL_action_d_init_np
  inhibit RL_action_l59c12 -> RL_action_d_init_np
  inhibit RL_action_l60c12 -> RL_action_d_init_np
  inhibit RL_action_l61c12 -> RL_action_d_init_np
  inhibit RL_action_l62c12 -> RL_action_d_init_np
  inhibit RL_action_l63c12 -> RL_action_d_init_np
  inhibit RL_action_l64c7 -> RL_action_d_init_np
  inhibit RL_action_np -> RL_action_d_init_np
  inhibit RL_action_np_1 -> RL_action_d_init_np
  inhibit RL_action_d_init_np_1 -> RL_idle_l13c4
  inhibit RL_action_l15c16 -> RL_idle_l13c4
  inhibit RL_action_l16c16 -> RL_idle_l13c4
  inhibit RL_action_l17c16 -> RL_idle_l13c4
  inhibit RL_action_l18c16 -> RL_idle_l13c4
  inhibit RL_action_l19c16 -> RL_idle_l13c4
  inhibit RL_action_l20c16 -> RL_idle_l13c4
  inhibit RL_action_l21c16 -> RL_idle_l13c4
  inhibit RL_action_l22c16 -> RL_idle_l13c4
  inhibit RL_action_l23c16 -> RL_idle_l13c4
  inhibit RL_action_l24c7 -> RL_idle_l13c4
  inhibit RL_action_l25c13 -> RL_idle_l13c4
  inhibit RL_action_l26c13 -> RL_idle_l13c4
  inhibit RL_action_l27c13 -> RL_idle_l13c4
  inhibit RL_action_l28c13 -> RL_idle_l13c4
  inhibit RL_action_l29c13 -> RL_idle_l13c4
  inhibit RL_action_l30c13 -> RL_idle_l13c4
  inhibit RL_action_l31c13 -> RL_idle_l13c4
  inhibit RL_action_l32c13 -> RL_idle_l13c4
  inhibit RL_action_l33c13 -> RL_idle_l13c4
  inhibit RL_action_l34c7 -> RL_idle_l13c4
  inhibit RL_action_l35c13 -> RL_idle_l13c4
  inhibit RL_action_l36c13 -> RL_idle_l13c4
  inhibit RL_action_l37c13 -> RL_idle_l13c4
  inhibit RL_action_l38c13 -> RL_idle_l13c4
  inhibit RL_action_l39c13 -> RL_idle_l13c4
  inhibit RL_action_l40c13 -> RL_idle_l13c4
  inhibit RL_action_l41c13 -> RL_idle_l13c4
  inhibit RL_action_l42c13 -> RL_idle_l13c4
  inhibit RL_action_l43c13 -> RL_idle_l13c4
  inhibit RL_action_l44c7 -> RL_idle_l13c4
  inhibit RL_action_l45c17 -> RL_idle_l13c4
  inhibit RL_action_l46c17 -> RL_idle_l13c4
  inhibit RL_action_l47c17 -> RL_idle_l13c4
  inhibit RL_action_l48c17 -> RL_idle_l13c4
  inhibit RL_action_l49c17 -> RL_idle_l13c4
  inhibit RL_action_l50c17 -> RL_idle_l13c4
  inhibit RL_action_l51c17 -> RL_idle_l13c4
  inhibit RL_action_l52c17 -> RL_idle_l13c4
  inhibit RL_action_l53c17 -> RL_idle_l13c4
  inhibit RL_action_l54c7 -> RL_idle_l13c4
  inhibit RL_action_l55c12 -> RL_idle_l13c4
  inhibit RL_action_l56c12 -> RL_idle_l13c4
  inhibit RL_action_l57c12 -> RL_idle_l13c4
  inhibit RL_action_l58c12 -> RL_idle_l13c4
  inhibit RL_action_l59c12 -> RL_idle_l13c4
  inhibit RL_action_l60c12 -> RL_idle_l13c4
  inhibit RL_action_l61c12 -> RL_idle_l13c4
  inhibit RL_action_l62c12 -> RL_idle_l13c4
  inhibit RL_action_l63c12 -> RL_idle_l13c4
  inhibit RL_action_l64c7 -> RL_idle_l13c4
  inhibit RL_action_np -> RL_idle_l13c4
  inhibit RL_action_np_1 -> RL_idle_l13c4
  inhibit RL_action_d_init_np_1 -> RL_idle_l13c4_1
  inhibit RL_action_l15c16 -> RL_idle_l13c4_1
  inhibit RL_action_l16c16 -> RL_idle_l13c4_1
  inhibit RL_action_l17c16 -> RL_idle_l13c4_1
  inhibit RL_action_l18c16 -> RL_idle_l13c4_1
  inhibit RL_action_l19c16 -> RL_idle_l13c4_1
  inhibit RL_action_l20c16 -> RL_idle_l13c4_1
  inhibit RL_action_l21c16 -> RL_idle_l13c4_1
  inhibit RL_action_l22c16 -> RL_idle_l13c4_1
  inhibit RL_action_l23c16 -> RL_idle_l13c4_1
  inhibit RL_action_l24c7 -> RL_idle_l13c4_1
  inhibit RL_action_l25c13 -> RL_idle_l13c4_1
  inhibit RL_action_l26c13 -> RL_idle_l13c4_1
  inhibit RL_action_l27c13 -> RL_idle_l13c4_1
  inhibit RL_action_l28c13 -> RL_idle_l13c4_1
  inhibit RL_action_l29c13 -> RL_idle_l13c4_1
  inhibit RL_action_l30c13 -> RL_idle_l13c4_1
  inhibit RL_action_l31c13 -> RL_idle_l13c4_1
  inhibit RL_action_l32c13 -> RL_idle_l13c4_1
  inhibit RL_action_l33c13 -> RL_idle_l13c4_1
  inhibit RL_action_l34c7 -> RL_idle_l13c4_1
  inhibit RL_action_l35c13 -> RL_idle_l13c4_1
  inhibit RL_action_l36c13 -> RL_idle_l13c4_1
  inhibit RL_action_l37c13 -> RL_idle_l13c4_1
  inhibit RL_action_l38c13 -> RL_idle_l13c4_1
  inhibit RL_action_l39c13 -> RL_idle_l13c4_1
  inhibit RL_action_l40c13 -> RL_idle_l13c4_1
  inhibit RL_action_l41c13 -> RL_idle_l13c4_1
  inhibit RL_action_l42c13 -> RL_idle_l13c4_1
  inhibit RL_action_l43c13 -> RL_idle_l13c4_1
  inhibit RL_action_l44c7 -> RL_idle_l13c4_1
  inhibit RL_action_l45c17 -> RL_idle_l13c4_1
  inhibit RL_action_l46c17 -> RL_idle_l13c4_1
  inhibit RL_action_l47c17 -> RL_idle_l13c4_1
  inhibit RL_action_l48c17 -> RL_idle_l13c4_1
  inhibit RL_action_l49c17 -> RL_idle_l13c4_1
  inhibit RL_action_l50c17 -> RL_idle_l13c4_1
  inhibit RL_action_l51c17 -> RL_idle_l13c4_1
  inhibit RL_action_l52c17 -> RL_idle_l13c4_1
  inhibit RL_action_l53c17 -> RL_idle_l13c4_1
  inhibit RL_action_l54c7 -> RL_idle_l13c4_1
  inhibit RL_action_l55c12 -> RL_idle_l13c4_1
  inhibit RL_action_l56c12 -> RL_idle_l13c4_1
  inhibit RL_action_l57c12 -> RL_idle_l13c4_1
  inhibit RL_action_l58c12 -> RL_idle_l13c4_1
  inhibit RL_action_l59c12 -> RL_idle_l13c4_1
  inhibit RL_action_l60c12 -> RL_idle_l13c4_1
  inhibit RL_action_l61c12 -> RL_idle_l13c4_1
  inhibit RL_action_l62c12 -> RL_idle_l13c4_1
  inhibit RL_action_l63c12 -> RL_idle_l13c4_1
  inhibit RL_action_l64c7 -> RL_idle_l13c4_1
  inhibit RL_action_np -> RL_idle_l13c4_1
  inhibit RL_action_np_1 -> RL_idle_l13c4_1
  inhibit RL_action_d_init_np_1 -> RL_state_handle_abort
  inhibit RL_action_l15c16 -> RL_state_handle_abort
  inhibit RL_action_l16c16 -> RL_state_handle_abort
  inhibit RL_action_l17c16 -> RL_state_handle_abort
  inhibit RL_action_l18c16 -> RL_state_handle_abort
  inhibit RL_action_l19c16 -> RL_state_handle_abort
  inhibit RL_action_l20c16 -> RL_state_handle_abort
  inhibit RL_action_l21c16 -> RL_state_handle_abort
  inhibit RL_action_l22c16 -> RL_state_handle_abort
  inhibit RL_action_l23c16 -> RL_state_handle_abort
  inhibit RL_action_l24c7 -> RL_state_handle_abort
  inhibit RL_action_l25c13 -> RL_state_handle_abort
  inhibit RL_action_l26c13 -> RL_state_handle_abort
  inhibit RL_action_l27c13 -> RL_state_handle_abort
  inhibit RL_action_l28c13 -> RL_state_handle_abort
  inhibit RL_action_l29c13 -> RL_state_handle_abort
  inhibit RL_action_l30c13 -> RL_state_handle_abort
  inhibit RL_action_l31c13 -> RL_state_handle_abort
  inhibit RL_action_l32c13 -> RL_state_handle_abort
  inhibit RL_action_l33c13 -> RL_state_handle_abort
  inhibit RL_action_l34c7 -> RL_state_handle_abort
  inhibit RL_action_l35c13 -> RL_state_handle_abort
  inhibit RL_action_l36c13 -> RL_state_handle_abort
  inhibit RL_action_l37c13 -> RL_state_handle_abort
  inhibit RL_action_l38c13 -> RL_state_handle_abort
  inhibit RL_action_l39c13 -> RL_state_handle_abort
  inhibit RL_action_l40c13 -> RL_state_handle_abort
  inhibit RL_action_l41c13 -> RL_state_handle_abort
  inhibit RL_action_l42c13 -> RL_state_handle_abort
  inhibit RL_action_l43c13 -> RL_state_handle_abort
  inhibit RL_action_l44c7 -> RL_state_handle_abort
  inhibit RL_action_l45c17 -> RL_state_handle_abort
  inhibit RL_action_l46c17 -> RL_state_handle_abort
  inhibit RL_action_l47c17 -> RL_state_handle_abort
  inhibit RL_action_l48c17 -> RL_state_handle_abort
  inhibit RL_action_l49c17 -> RL_state_handle_abort
  inhibit RL_action_l50c17 -> RL_state_handle_abort
  inhibit RL_action_l51c17 -> RL_state_handle_abort
  inhibit RL_action_l52c17 -> RL_state_handle_abort
  inhibit RL_action_l53c17 -> RL_state_handle_abort
  inhibit RL_action_l54c7 -> RL_state_handle_abort
  inhibit RL_action_l55c12 -> RL_state_handle_abort
  inhibit RL_action_l56c12 -> RL_state_handle_abort
  inhibit RL_action_l57c12 -> RL_state_handle_abort
  inhibit RL_action_l58c12 -> RL_state_handle_abort
  inhibit RL_action_l59c12 -> RL_state_handle_abort
  inhibit RL_action_l60c12 -> RL_state_handle_abort
  inhibit RL_action_l61c12 -> RL_state_handle_abort
  inhibit RL_action_l62c12 -> RL_state_handle_abort
  inhibit RL_action_l63c12 -> RL_state_handle_abort
  inhibit RL_action_l64c7 -> RL_state_handle_abort
  inhibit RL_action_np -> RL_state_handle_abort
  inhibit RL_action_np_1 -> RL_state_handle_abort
  inhibit RL_restart -> RL_state_handle_abort
