clock CLK posedge
  run "" domain 0 segment 5
  run "" domain 0 segment 9
  run "" domain 0 segment 0
  run "" domain 0 segment 13
  run "" domain 0 segment 7
  run "" domain 0 segment 11
  run "" domain 0 segment 1
  run "" domain 0 segment 3
  run "" domain 0 segment 6
  run "" domain 0 segment 10
  run "" domain 0 segment 14
  run "mid1.sub1" domain 0 segment 1
  run "mid1.sub2" domain 0 segment 1
  run "mid2.sub1" domain 0 segment 1
  run "mid2.sub2" domain 0 segment 1
  run "" domain 0 segment 12
  run "" domain 0 segment 8
  run "" domain 0 segment 2
  run "" domain 0 segment 4
  run "" domain 0 segment 15
  run "mid1.sub1" domain 0 segment 2
  run "mid1.sub2" domain 0 segment 2
  run "mid2.sub1" domain 0 segment 2
  run "mid2.sub2" domain 0 segment 2
  tick "mid1.sub1" x port _clk__1 reset
  tick "mid1.sub1" y port _clk__1 reset
  tick "mid1.sub2" x port _clk__1 reset
  tick "mid1.sub2" y port _clk__1 reset
  tick "mid2.sub1" x port _clk__1 reset
  tick "mid2.sub1" y port _clk__1 reset
  tick "mid2.sub2" x port _clk__1 reset
  tick "mid2.sub2" y port _clk__1 reset
  tick "" counter port _clk__1 reset
