checking package dependencies
compiling APkgProps_WireExpr.bsv
code generation for sysAPkgProps_WireExpr starts
Elaborated module file created: sysAPkgProps_WireExpr.bmod
=== APackageIOproperties (APkgProps_WireExpr sysAPkgProps_WireExpr):
Name                         I/O  size props
same                           O     8 reg
RDY_same                       O     1 const
taut                           O     1 reg
RDY_taut                       O     1 const
CLK                            I     1 clock
RST_N                          I     1 reset unused


-----

=== IOproperties (APkgProps_WireExpr sysAPkgProps_WireExpr):
Name                         I/O  size props
same                           O     8 reg
RDY_same                       O     1 const
taut                           O     1 reg
RDY_taut                       O     1 const
CLK                            I     1 clock
RST_N                          I     1 unused


-----

Verilog file created: sysAPkgProps_WireExpr.v
Schedule file created: sysAPkgProps_WireExpr.bsched
All packages are up to date.
