checking package dependencies
compiling InputArg_Unused.bsv
code generation for sysInputArg_Unused starts
Elaborated module file created: sysInputArg_Unused.bmod
=== IOproperties (InputArg_Unused sysInputArg_Unused):
Name                         I/O  size props
b                              I    16 unused
CLK                            I     1 unused
RST_N                          I     1 unused


-----

Verilog file created: sysInputArg_Unused.v
Schedule file created: sysInputArg_Unused.bsched
All packages are up to date.
