checking package dependencies
compiling IsInfinite.bsv
code generation for sysIsInfinite starts
Compilation message: "IsInfinite.bsv", line 12, column 29: isInfinite: Infinity
Elaborated module file created: sysIsInfinite.bmod
Verilog file created: sysIsInfinite.v
Schedule file created: sysIsInfinite.bsched
All packages are up to date.
