checking package dependencies
compiling Argument2ReturnValue2.bsv
code generation for mkArgument2ReturnValue2 starts
Elaborated module file created: mkArgument2ReturnValue2.bmod
=== pathsPostSched (Argument2ReturnValue2 mkArgument2ReturnValue2):
Combinational paths from inputs to outputs:
  start_inp -> start

-----

Verilog file created: mkArgument2ReturnValue2.v
Schedule file created: mkArgument2ReturnValue2.bsched
All packages are up to date.
