checking package dependencies
compiling Coll2.bs
code generation for sysColl2 starts
Error: "Coll2.bs", line 22, column 8: (G0134)
  Ports of instance `m' of the imported module `VColl2' share the internal
  name `sub_1': port `D_OUT_2' of method `sub' and port `VAL' of method
  `sub_1'. A port is named by its method, followed by the copy number of a
  method with multiplicity and the argument number, so a method whose name
  matches a copy or an argument of another method cannot be imported beside
  it. Rename one of the methods.
