hash	fa41e1b2b5371f53
0	PrimAdd
1	PrimSub
2	PrimAnd
3	PrimOr
4	PrimXor
5	PrimMul
6	PrimQuot
7	PrimRem
8	PrimSL
9	PrimSRL
10	PrimSRA
11	PrimInv
12	PrimNeg
13	PrimEQ
14	PrimULE
15	PrimULT
16	PrimSLE
17	PrimSLT
18	PrimSignExt
19	PrimZeroExt
20	PrimTrunc
21	PrimExtract
22	PrimConcat
23	PrimSplit
24	PrimBNot
25	PrimBAnd
26	PrimBOr
27	PrimInoutCast
28	PrimInoutUncast
29	PrimMethod
30	PrimNoInline
31	PrimIf
32	PrimFmtConcat
33	PrimCase
34	PrimSelect
35	PrimIntegerToBit
36	PrimIntegerToUIntBits
37	PrimIntegerToIntBits
38	PrimBitToInteger
39	PrimIntegerToString
40	PrimIntBitsToInteger
41	PrimUIntBitsToInteger
42	PrimIsStaticInteger
43	PrimAreStaticBits
44	PrimValueOf
45	PrimStringOf
46	PrimWhen
47	PrimWhenPred
48	PrimOrd
49	PrimChr
50	PrimRange
51	PrimError
52	PrimGenerateError
53	PrimMessage
54	PrimWarning
55	PrimPoisonedDef
56	PrimDynamicError
57	PrimStringConcat
58	PrimStringToInteger
59	PrimStringEQ
60	PrimStringLT
61	PrimStringLE
62	PrimStringLength
63	PrimStringSplit
64	PrimStringCons
65	PrimCharToString
66	PrimStringToChar
67	PrimCharOrd
68	PrimCharChr
69	PrimJoinActions
70	PrimNoActions
71	PrimExpIf
72	PrimNoExpIf
73	PrimSplitDeep
74	PrimNosplitDeep
75	PrimAddRules
76	PrimModuleBind
77	PrimModuleReturn
78	PrimModuleFix
79	PrimModuleClock
80	PrimModuleReset
81	PrimBuildModule
82	PrimCurrentClock
83	PrimCurrentReset
84	PrimSameFamilyClock
85	PrimIsAncestorClock
86	PrimChkClockDomain
87	PrimClockEQ
88	PrimClockOf
89	PrimClocksOf
90	PrimNoClock
91	PrimResetEQ
92	PrimResetOf
93	PrimResetsOf
94	PrimNoReset
95	PrimResetUnassertedVal
96	PrimJoinRules
97	PrimJoinRulesPreempt
98	PrimJoinRulesUrgency
99	PrimJoinRulesExecutionOrder
100	PrimJoinRulesMutuallyExclusive
101	PrimJoinRulesConflictFree
102	PrimNoRules
103	PrimRule
104	PrimAddSchedPragmas
105	PrimGetName
106	PrimStateName
107	PrimGetModuleName
108	PrimJoinNames
109	PrimExtendNameInteger
110	PrimGetNamePosition
111	PrimGetNameString
112	PrimMakeName
113	PrimStateAttrib
114	PrimNoPosition
115	PrimPrintPosition
116	PrimGetStringPosition
117	PrimSetStringPosition
118	PrimGetEvalPosition
119	PrimGenC
120	PrimGenVerilog
121	PrimGenModuleName
122	PrimOpenFile
123	PrimCloseHandle
124	PrimHandleIsEOF
125	PrimHandleIsOpen
126	PrimHandleIsClosed
127	PrimHandleIsReadable
128	PrimHandleIsWritable
129	PrimSetHandleBuffering
130	PrimGetHandleBuffering
131	PrimFlushHandle
132	PrimWriteHandle
133	PrimReadHandleLine
134	PrimReadHandleChar
135	PrimTypeOf
136	PrimPrintType
137	PrimTypeEQ
138	PrimIsIfcType
139	PrimSavePortType
140	PrimIntegerAdd
141	PrimIntegerSub
142	PrimIntegerNeg
143	PrimIntegerMul
144	PrimIntegerDiv
145	PrimIntegerMod
146	PrimIntegerExp
147	PrimIntegerLog2
148	PrimIntegerLog10
149	PrimIntegerQuot
150	PrimIntegerRem
151	PrimIntegerEQ
152	PrimIntegerLE
153	PrimIntegerLT
154	PrimRealToString
155	PrimIntegerToReal
156	PrimRealEQ
157	PrimRealLE
158	PrimRealLT
159	PrimRealAdd
160	PrimRealSub
161	PrimRealNeg
162	PrimRealMul
163	PrimRealDiv
164	PrimRealAbs
165	PrimRealSignum
166	PrimRealExpE
167	PrimRealPow
168	PrimRealLogE
169	PrimRealLogBase
170	PrimRealLog2
171	PrimRealLog10
172	PrimRealToBits
173	PrimBitsToReal
174	PrimRealSin
175	PrimRealCos
176	PrimRealTan
177	PrimRealSinH
178	PrimRealCosH
179	PrimRealTanH
180	PrimRealASin
181	PrimRealACos
182	PrimRealATan
183	PrimRealASinH
184	PrimRealACosH
185	PrimRealATanH
186	PrimRealATan2
187	PrimRealSqrt
188	PrimRealTrunc
189	PrimRealCeil
190	PrimRealFloor
191	PrimRealRound
192	PrimSplitReal
193	PrimDecodeReal
194	PrimRealToDigits
195	PrimRealIsInfinite
196	PrimRealIsNegativeZero
197	PrimSeq
198	PrimSeqCond
199	PrimUninitialized
200	PrimRawUninitialized
201	PrimMarkArrayUninitialized
202	PrimMarkArrayInitialized
203	PrimUninitBitArray
204	PrimIsBitArray
205	PrimUpdateBitArray
206	PrimBuildUndefined
207	PrimRawUndefined
208	PrimIsRawUndefined
209	PrimImpCondOf
210	PrimArrayNew
211	PrimArrayLength
212	PrimArraySelect
213	PrimArrayUpdate
214	PrimArrayDynSelect
215	PrimArrayDynUpdate
216	PrimBuildArray
217	PrimSetSelPosition
218	PrimGetParamName
219	PrimEQ3
220	PrimPack
221	PrimUnpack
