0	PrimAdd
1	PrimSub
2	PrimAnd
3	PrimOr
4	PrimXor
5	PrimMul
6	PrimQuot
7	PrimRem
8	PrimSL
9	PrimSRL
10	PrimSRA
11	PrimInv
12	PrimNeg
13	PrimEQ
14	PrimULE
15	PrimULT
16	PrimSLE
17	PrimSLT
18	PrimSignExt
19	PrimZeroExt
20	PrimTrunc
21	PrimExtract
22	PrimConcat
23	PrimSplit
24	PrimBNot
25	PrimBAnd
26	PrimBOr
27	PrimInoutCast
28	PrimInoutUncast
29	PrimMethod
30	PrimNoInline
31	PrimIf
32	PrimMux	retired
33	PrimPriMux	retired
34	PrimFmtConcat
35	PrimCase
36	PrimSelect
37	PrimIntegerToBit
38	PrimIntegerToUIntBits
39	PrimIntegerToIntBits
40	PrimBitToInteger
41	PrimIntegerToString
42	PrimIntBitsToInteger
43	PrimUIntBitsToInteger
44	PrimIsStaticInteger
45	PrimAreStaticBits
46	PrimValueOf
47	PrimStringOf
48	PrimWhen
49	PrimWhenPred
50	PrimOrd
51	PrimChr
52	PrimRange
53	PrimError
54	PrimGenerateError
55	PrimMessage
56	PrimWarning
57	PrimPoisonedDef
58	PrimDynamicError
59	PrimStringConcat
60	PrimStringToInteger
61	PrimStringEQ
62	PrimStringLT
63	PrimStringLE
64	PrimStringLength
65	PrimStringSplit
66	PrimStringCons
67	PrimCharToString
68	PrimStringToChar
69	PrimCharOrd
70	PrimCharChr
71	PrimJoinActions
72	PrimNoActions
73	PrimExpIf
74	PrimNoExpIf
75	PrimSplitDeep
76	PrimNosplitDeep
77	PrimAddRules
78	PrimModuleBind
79	PrimModuleReturn
80	PrimModuleFix
81	PrimModuleClock
82	PrimModuleReset
83	PrimBuildModule
84	PrimCurrentClock
85	PrimCurrentReset
86	PrimSameFamilyClock
87	PrimIsAncestorClock
88	PrimChkClockDomain
89	PrimClockEQ
90	PrimClockOf
91	PrimClocksOf
92	PrimNoClock
93	PrimResetEQ
94	PrimResetOf
95	PrimResetsOf
96	PrimNoReset
97	PrimResetUnassertedVal
98	PrimJoinRules
99	PrimJoinRulesPreempt
100	PrimJoinRulesUrgency
101	PrimJoinRulesExecutionOrder
102	PrimJoinRulesMutuallyExclusive
103	PrimJoinRulesConflictFree
104	PrimNoRules
105	PrimRule
106	PrimAddSchedPragmas
107	PrimGetName
108	PrimStateName
109	PrimGetModuleName
110	PrimJoinNames
111	PrimExtendNameInteger
112	PrimGetNamePosition
113	PrimGetNameString
114	PrimMakeName
115	PrimStateAttrib
116	PrimNoPosition
117	PrimPrintPosition
118	PrimGetStringPosition
119	PrimSetStringPosition
120	PrimGetEvalPosition
121	PrimGenC
122	PrimGenVerilog
123	PrimGenModuleName
124	PrimOpenFile
125	PrimCloseHandle
126	PrimHandleIsEOF
127	PrimHandleIsOpen
128	PrimHandleIsClosed
129	PrimHandleIsReadable
130	PrimHandleIsWritable
131	PrimSetHandleBuffering
132	PrimGetHandleBuffering
133	PrimFlushHandle
134	PrimWriteHandle
135	PrimReadHandleLine
136	PrimReadHandleChar
137	PrimTypeOf
138	PrimPrintType
139	PrimTypeEQ
140	PrimIsIfcType
141	PrimSavePortType
142	PrimIntegerAdd
143	PrimIntegerSub
144	PrimIntegerNeg
145	PrimIntegerMul
146	PrimIntegerDiv
147	PrimIntegerMod
148	PrimIntegerExp
149	PrimIntegerLog2
150	PrimIntegerLog10
151	PrimIntegerQuot
152	PrimIntegerRem
153	PrimIntegerEQ
154	PrimIntegerLE
155	PrimIntegerLT
156	PrimRealToString
157	PrimIntegerToReal
158	PrimRealEQ
159	PrimRealLE
160	PrimRealLT
161	PrimRealAdd
162	PrimRealSub
163	PrimRealNeg
164	PrimRealMul
165	PrimRealDiv
166	PrimRealAbs
167	PrimRealSignum
168	PrimRealExpE
169	PrimRealPow
170	PrimRealLogE
171	PrimRealLogBase
172	PrimRealLog2
173	PrimRealLog10
174	PrimRealToBits
175	PrimBitsToReal
176	PrimRealSin
177	PrimRealCos
178	PrimRealTan
179	PrimRealSinH
180	PrimRealCosH
181	PrimRealTanH
182	PrimRealASin
183	PrimRealACos
184	PrimRealATan
185	PrimRealASinH
186	PrimRealACosH
187	PrimRealATanH
188	PrimRealATan2
189	PrimRealSqrt
190	PrimRealTrunc
191	PrimRealCeil
192	PrimRealFloor
193	PrimRealRound
194	PrimSplitReal
195	PrimDecodeReal
196	PrimRealToDigits
197	PrimRealIsInfinite
198	PrimRealIsNegativeZero
199	PrimSeq
200	PrimSeqCond
201	PrimUninitialized
202	PrimRawUninitialized
203	PrimMarkArrayUninitialized
204	PrimMarkArrayInitialized
205	PrimUninitBitArray
206	PrimIsBitArray
207	PrimUpdateBitArray
208	PrimBuildUndefined
209	PrimRawUndefined
210	PrimIsRawUndefined
211	PrimImpCondOf
212	PrimArrayNew
213	PrimArrayLength
214	PrimArraySelect
215	PrimArrayUpdate
216	PrimArrayDynSelect
217	PrimArrayDynUpdate
218	PrimBuildArray
219	PrimSetSelPosition
220	PrimGetParamName
221	PrimEQ3
222	PrimPack
223	PrimUnpack
