checking package dependencies
compiling ResourceOneRuleCSEnoSC.bs
code generation for sysResourceOneRuleCSEnoSC starts
Elaborated module file created: sysResourceOneRuleCSEnoSC.bmod
Error: "ResourceOneRuleCSEnoSC.bs", line 15, column 17: (G0004)
  Rule `RL_unnamed' uses methods that conflict in parallel:
    q.enq(...)
  and
    q.enq(...)
  For the complete expressions use the flag `-show-range-conflict'.
=== schedule (ResourceOneRuleCSEnoSC sysResourceOneRuleCSEnoSC):
Nothing

-----

Schedule dump file created: sysResourceOneRuleCSEnoSC.sched
=== Generated schedule for sysResourceOneRuleCSEnoSC ===

Rule schedule
-------------
Rule: unnamed
Predicate: q.i_notFull
 

=========================================================
Schedule error file created: sysResourceOneRuleCSEnoSC.bsched
